Microsoft Windows [Version 10.0.19042.1052]
(c) Microsoft Corporation. All rights reserved.

C:\Program Files\MySQL\MySQL Server 5.7\bin>mysql -uroot
ERROR 1045 (28000): Access denied for user 'root'@'localhost' (using password: NO)

C:\Program Files\MySQL\MySQL Server 5.7\bin>

C:\Program Files\MySQL\MySQL Server 5.7\bin>mysqladmin -u root password [newpassword]
mysqladmin: connect to server at 'localhost' failed
error: 'Access denied for user 'root'@'localhost' (using password: NO)'

C:\Program Files\MySQL\MySQL Server 5.7\bin>mysqladmin -u root password [admin]
mysqladmin: connect to server at 'localhost' failed
error: 'Access denied for user 'root'@'localhost' (using password: NO)'

C:\Program Files\MySQL\MySQL Server 5.7\bin>mysql -uroot
ERROR 1045 (28000): Access denied for user 'root'@'localhost' (using password: NO)

C:\Program Files\MySQL\MySQL Server 5.7\bin>mysql -uroot -p
Enter password: *****
Welcome to the MySQL monitor.  Commands end with ; or \g.
Your MySQL connection id is 12
Server version: 5.7.37-log MySQL Community Server (GPL)

Copyright (c) 2000, 2022, Oracle and/or its affiliates.

Oracle is a registered trademark of Oracle Corporation and/or its
affiliates. Other names may be trademarks of their respective
owners.

Type 'help;' or '\h' for help. Type '\c' to clear the current input statement.

mysql> show databases;
+--------------------+
| Database           |
+--------------------+
| information_schema |
| mysql              |
| performance_schema |
| sys                |
+--------------------+
4 rows in set (0.00 sec)

mysql> show databases;
+--------------------+
| Database           |
+--------------------+
| information_schema |
| mysql              |
| performance_schema |
| sys                |
| test               |
+--------------------+
5 rows in set (0.00 sec)

mysql> exit
Bye

C:\Program Files\MySQL\MySQL Server 5.7\bin>
